Archive member included to satisfy reference by file (symbol)

d:/gcc-arm-none-eabi-5_4-2016q3-20160926-win32/bin/../lib/gcc/arm-none-eabi/5.4.1/../../../../arm-none-eabi/lib/armv6-m\libc_nano.a(lib_a-exit.o)
                              d:/gcc-arm-none-eabi-5_4-2016q3-20160926-win32/bin/../lib/gcc/arm-none-eabi/5.4.1/../../../../arm-none-eabi/lib/armv6-m/crt0.o (exit)
d:/gcc-arm-none-eabi-5_4-2016q3-20160926-win32/bin/../lib/gcc/arm-none-eabi/5.4.1/../../../../arm-none-eabi/lib/armv6-m\libc_nano.a(lib_a-impure.o)
                              d:/gcc-arm-none-eabi-5_4-2016q3-20160926-win32/bin/../lib/gcc/arm-none-eabi/5.4.1/../../../../arm-none-eabi/lib/armv6-m\libc_nano.a(lib_a-exit.o) (_global_impure_ptr)
d:/gcc-arm-none-eabi-5_4-2016q3-20160926-win32/bin/../lib/gcc/arm-none-eabi/5.4.1/../../../../arm-none-eabi/lib/armv6-m\libc_nano.a(lib_a-init.o)
                              d:/gcc-arm-none-eabi-5_4-2016q3-20160926-win32/bin/../lib/gcc/arm-none-eabi/5.4.1/../../../../arm-none-eabi/lib/armv6-m/crt0.o (__libc_init_array)
d:/gcc-arm-none-eabi-5_4-2016q3-20160926-win32/bin/../lib/gcc/arm-none-eabi/5.4.1/../../../../arm-none-eabi/lib/armv6-m\libc_nano.a(lib_a-memset.o)
                              d:/gcc-arm-none-eabi-5_4-2016q3-20160926-win32/bin/../lib/gcc/arm-none-eabi/5.4.1/../../../../arm-none-eabi/lib/armv6-m/crt0.o (memset)
d:/gcc-arm-none-eabi-5_4-2016q3-20160926-win32/bin/../lib/gcc/arm-none-eabi/5.4.1/../../../../arm-none-eabi/lib/armv6-m\libnosys.a(_exit.o)
                              d:/gcc-arm-none-eabi-5_4-2016q3-20160926-win32/bin/../lib/gcc/arm-none-eabi/5.4.1/../../../../arm-none-eabi/lib/armv6-m\libc_nano.a(lib_a-exit.o) (_exit)
d:/gcc-arm-none-eabi-5_4-2016q3-20160926-win32/bin/../lib/gcc/arm-none-eabi/5.4.1/armv6-m\libgcc.a(_udivsi3.o)
                              build/stm32f0xx_ll_utils.o (__aeabi_uidiv)
d:/gcc-arm-none-eabi-5_4-2016q3-20160926-win32/bin/../lib/gcc/arm-none-eabi/5.4.1/armv6-m\libgcc.a(_dvmd_tls.o)
                              d:/gcc-arm-none-eabi-5_4-2016q3-20160926-win32/bin/../lib/gcc/arm-none-eabi/5.4.1/armv6-m\libgcc.a(_udivsi3.o) (__aeabi_idiv0)

Discarded input sections

 .text          0x00000000        0x0 d:/gcc-arm-none-eabi-5_4-2016q3-20160926-win32/bin/../lib/gcc/arm-none-eabi/5.4.1/armv6-m/crti.o
 .data          0x00000000        0x0 d:/gcc-arm-none-eabi-5_4-2016q3-20160926-win32/bin/../lib/gcc/arm-none-eabi/5.4.1/armv6-m/crti.o
 .bss           0x00000000        0x0 d:/gcc-arm-none-eabi-5_4-2016q3-20160926-win32/bin/../lib/gcc/arm-none-eabi/5.4.1/armv6-m/crti.o
 .data          0x00000000        0x4 d:/gcc-arm-none-eabi-5_4-2016q3-20160926-win32/bin/../lib/gcc/arm-none-eabi/5.4.1/armv6-m/crtbegin.o
 .text          0x00000000       0x78 d:/gcc-arm-none-eabi-5_4-2016q3-20160926-win32/bin/../lib/gcc/arm-none-eabi/5.4.1/../../../../arm-none-eabi/lib/armv6-m/crt0.o
 .data          0x00000000        0x0 d:/gcc-arm-none-eabi-5_4-2016q3-20160926-win32/bin/../lib/gcc/arm-none-eabi/5.4.1/../../../../arm-none-eabi/lib/armv6-m/crt0.o
 .bss           0x00000000        0x0 d:/gcc-arm-none-eabi-5_4-2016q3-20160926-win32/bin/../lib/gcc/arm-none-eabi/5.4.1/../../../../arm-none-eabi/lib/armv6-m/crt0.o
 .ARM.extab     0x00000000        0x0 d:/gcc-arm-none-eabi-5_4-2016q3-20160926-win32/bin/../lib/gcc/arm-none-eabi/5.4.1/../../../../arm-none-eabi/lib/armv6-m/crt0.o
 .ARM.exidx     0x00000000        0x8 d:/gcc-arm-none-eabi-5_4-2016q3-20160926-win32/bin/../lib/gcc/arm-none-eabi/5.4.1/../../../../arm-none-eabi/lib/armv6-m/crt0.o
 .ARM.attributes
                0x00000000       0x1b d:/gcc-arm-none-eabi-5_4-2016q3-20160926-win32/bin/../lib/gcc/arm-none-eabi/5.4.1/../../../../arm-none-eabi/lib/armv6-m/crt0.o
 .text          0x00000000        0x0 build/stm32f0xx_ll_utils.o
 .data          0x00000000        0x0 build/stm32f0xx_ll_utils.o
 .bss           0x00000000        0x0 build/stm32f0xx_ll_utils.o
 .text.UTILS_SetFlashLatency
                0x00000000       0x38 build/stm32f0xx_ll_utils.o
 .text.UTILS_GetPLLOutputFrequency
                0x00000000       0x1c build/stm32f0xx_ll_utils.o
 .text.UTILS_PLL_IsBusy
                0x00000000       0x14 build/stm32f0xx_ll_utils.o
 .text.LL_mDelay
                0x00000000       0x28 build/stm32f0xx_ll_utils.o
 .text.UTILS_EnablePLLAndSwitchSystem
                0x00000000       0xac build/stm32f0xx_ll_utils.o
 .text.LL_PLL_ConfigSystemClock_HSI
                0x00000000       0x68 build/stm32f0xx_ll_utils.o
 .text.LL_PLL_ConfigSystemClock_HSE
                0x00000000       0x8c build/stm32f0xx_ll_utils.o
 .text          0x00000000        0x0 build/stm32f0xx_ll_dma.o
 .data          0x00000000        0x0 build/stm32f0xx_ll_dma.o
 .bss           0x00000000        0x0 build/stm32f0xx_ll_dma.o
 .text.LL_DMA_DeInit
                0x00000000       0xb4 build/stm32f0xx_ll_dma.o
 .text.LL_DMA_Init
                0x00000000       0x50 build/stm32f0xx_ll_dma.o
 .text.LL_DMA_StructInit
                0x00000000       0x18 build/stm32f0xx_ll_dma.o
 .rodata.CHANNEL_OFFSET_TAB
                0x00000000        0x5 build/stm32f0xx_ll_dma.o
 .debug_info    0x00000000      0x594 build/stm32f0xx_ll_dma.o
 .debug_abbrev  0x00000000      0x1b8 build/stm32f0xx_ll_dma.o
 .debug_loc     0x00000000      0x38d build/stm32f0xx_ll_dma.o
 .debug_aranges
                0x00000000       0x30 build/stm32f0xx_ll_dma.o
 .debug_ranges  0x00000000       0x20 build/stm32f0xx_ll_dma.o
 .debug_line    0x00000000      0x280 build/stm32f0xx_ll_dma.o
 .debug_str     0x00000000      0x3ef build/stm32f0xx_ll_dma.o
 .comment       0x00000000       0x6f build/stm32f0xx_ll_dma.o
 .debug_frame   0x00000000       0x58 build/stm32f0xx_ll_dma.o
 .ARM.attributes
                0x00000000       0x31 build/stm32f0xx_ll_dma.o
 .text          0x00000000        0x0 build/stm32f0xx_ll_rtc.o
 .data          0x00000000        0x0 build/stm32f0xx_ll_rtc.o
 .bss           0x00000000        0x0 build/stm32f0xx_ll_rtc.o
 .text.LL_RTC_StructInit
                0x00000000       0x10 build/stm32f0xx_ll_rtc.o
 .text.LL_RTC_TIME_StructInit
                0x00000000        0xc build/stm32f0xx_ll_rtc.o
 .text.LL_RTC_DATE_StructInit
                0x00000000       0x10 build/stm32f0xx_ll_rtc.o
 .text.LL_RTC_ALMA_Init
                0x00000000      0x150 build/stm32f0xx_ll_rtc.o
 .text.LL_RTC_ALMA_StructInit
                0x00000000       0x14 build/stm32f0xx_ll_rtc.o
 .text.LL_RTC_ExitInitMode
                0x00000000        0xc build/stm32f0xx_ll_rtc.o
 .text.LL_RTC_DeInit
                0x00000000       0x48 build/stm32f0xx_ll_rtc.o
 .text          0x00000000        0x0 build/stm32f0xx_ll_rcc.o
 .data          0x00000000        0x0 build/stm32f0xx_ll_rcc.o
 .bss           0x00000000        0x0 build/stm32f0xx_ll_rcc.o
 .text.LL_RCC_DeInit
                0x00000000       0x68 build/stm32f0xx_ll_rcc.o
 .text.LL_RCC_GetUSBClockFreq
                0x00000000       0x28 build/stm32f0xx_ll_rcc.o
 .text.LL_RCC_GetI2CClockFreq
                0x00000000       0x34 build/stm32f0xx_ll_rcc.o
 .text          0x00000000        0x0 build/stm32f0xx_ll_spi.o
 .data          0x00000000        0x0 build/stm32f0xx_ll_spi.o
 .bss           0x00000000        0x0 build/stm32f0xx_ll_spi.o
 .text.LL_SPI_DeInit
                0x00000000       0x30 build/stm32f0xx_ll_spi.o
 .text.LL_SPI_StructInit
                0x00000000       0x20 build/stm32f0xx_ll_spi.o
 .text          0x00000000        0x0 build/main.o
 .data          0x00000000        0x0 build/main.o
 .bss           0x00000000        0x0 build/main.o
 .text          0x00000000        0x0 build/uart_hal.o
 .data          0x00000000        0x0 build/uart_hal.o
 .bss           0x00000000        0x0 build/uart_hal.o
 .text.uwBuf_EmpLen
                0x00000000       0x24 build/uart_hal.o
 .text.uwBuf_UnReadLen
                0x00000000       0x24 build/uart_hal.o
 .text.Uart_Read_IT
                0x00000000       0x94 build/uart_hal.o
 .text.Uart_Write_IT
                0x00000000       0xc0 build/uart_hal.o
 .text.vIRQ_Uart_Handle
                0x00000000       0xbc build/uart_hal.o
 .debug_info    0x00000000      0x6f6 build/uart_hal.o
 .debug_abbrev  0x00000000      0x1c0 build/uart_hal.o
 .debug_loc     0x00000000      0x422 build/uart_hal.o
 .debug_aranges
                0x00000000       0x40 build/uart_hal.o
 .debug_ranges  0x00000000       0x30 build/uart_hal.o
 .debug_line    0x00000000      0x22a build/uart_hal.o
 .debug_str     0x00000000      0x39d build/uart_hal.o
 .comment       0x00000000       0x6f build/uart_hal.o
 .debug_frame   0x00000000       0xc0 build/uart_hal.o
 .ARM.attributes
                0x00000000       0x31 build/uart_hal.o
 .text          0x00000000        0x0 build/led_dog.o
 .data          0x00000000        0x0 build/led_dog.o
 .bss           0x00000000        0x0 build/led_dog.o
 .debug_info    0x00000000       0x6b build/led_dog.o
 .debug_abbrev  0x00000000       0x26 build/led_dog.o
 .debug_aranges
                0x00000000       0x18 build/led_dog.o
 .debug_line    0x00000000       0x1d build/led_dog.o
 .debug_str     0x00000000      0x14c build/led_dog.o
 .comment       0x00000000       0x6f build/led_dog.o
 .ARM.attributes
                0x00000000       0x31 build/led_dog.o
 .text          0x00000000        0x0 build/ds18b20.o
 .data          0x00000000        0x0 build/ds18b20.o
 .bss           0x00000000        0x0 build/ds18b20.o
 .debug_info    0x00000000       0x6b build/ds18b20.o
 .debug_abbrev  0x00000000       0x26 build/ds18b20.o
 .debug_aranges
                0x00000000       0x18 build/ds18b20.o
 .debug_line    0x00000000       0x1d build/ds18b20.o
 .debug_str     0x00000000      0x14c build/ds18b20.o
 .comment       0x00000000       0x6f build/ds18b20.o
 .ARM.attributes
                0x00000000       0x31 build/ds18b20.o
 .text          0x00000000        0x0 build/stm32f0xx_it.o
 .data          0x00000000        0x0 build/stm32f0xx_it.o
 .bss           0x00000000        0x0 build/stm32f0xx_it.o
 .text          0x00000000        0x0 build/stm32f0xx_ll_exti.o
 .data          0x00000000        0x0 build/stm32f0xx_ll_exti.o
 .bss           0x00000000        0x0 build/stm32f0xx_ll_exti.o
 .text.LL_EXTI_DeInit
                0x00000000       0x24 build/stm32f0xx_ll_exti.o
 .text.LL_EXTI_Init
                0x00000000       0xd0 build/stm32f0xx_ll_exti.o
 .text.LL_EXTI_StructInit
                0x00000000       0x10 build/stm32f0xx_ll_exti.o
 .debug_info    0x00000000      0x48c build/stm32f0xx_ll_exti.o
 .debug_abbrev  0x00000000      0x14e build/stm32f0xx_ll_exti.o
 .debug_loc     0x00000000      0x20d build/stm32f0xx_ll_exti.o
 .debug_aranges
                0x00000000       0x30 build/stm32f0xx_ll_exti.o
 .debug_ranges  0x00000000       0x20 build/stm32f0xx_ll_exti.o
 .debug_line    0x00000000      0x24f build/stm32f0xx_ll_exti.o
 .debug_str     0x00000000      0x351 build/stm32f0xx_ll_exti.o
 .comment       0x00000000       0x6f build/stm32f0xx_ll_exti.o
 .debug_frame   0x00000000       0x4c build/stm32f0xx_ll_exti.o
 .ARM.attributes
                0x00000000       0x31 build/stm32f0xx_ll_exti.o
 .text          0x00000000        0x0 build/system_stm32f0xx.o
 .data          0x00000000        0x0 build/system_stm32f0xx.o
 .bss           0x00000000        0x0 build/system_stm32f0xx.o
 .text.SystemCoreClockUpdate
                0x00000000       0x94 build/system_stm32f0xx.o
 .text          0x00000000        0x0 build/stm32f0xx_ll_gpio.o
 .data          0x00000000        0x0 build/stm32f0xx_ll_gpio.o
 .bss           0x00000000        0x0 build/stm32f0xx_ll_gpio.o
 .text.LL_GPIO_DeInit
                0x00000000       0xc4 build/stm32f0xx_ll_gpio.o
 .text.LL_GPIO_StructInit
                0x00000000       0x18 build/stm32f0xx_ll_gpio.o
 .text          0x00000000        0x0 build/stm32f0xx_ll_pwr.o
 .data          0x00000000        0x0 build/stm32f0xx_ll_pwr.o
 .bss           0x00000000        0x0 build/stm32f0xx_ll_pwr.o
 .text.LL_PWR_DeInit
                0x00000000       0x20 build/stm32f0xx_ll_pwr.o
 .debug_info    0x00000000      0x223 build/stm32f0xx_ll_pwr.o
 .debug_abbrev  0x00000000       0xf1 build/stm32f0xx_ll_pwr.o
 .debug_loc     0x00000000       0x2c build/stm32f0xx_ll_pwr.o
 .debug_aranges
                0x00000000       0x20 build/stm32f0xx_ll_pwr.o
 .debug_ranges  0x00000000       0x10 build/stm32f0xx_ll_pwr.o
 .debug_line    0x00000000      0x1ab build/stm32f0xx_ll_pwr.o
 .debug_str     0x00000000      0x23b build/stm32f0xx_ll_pwr.o
 .comment       0x00000000       0x6f build/stm32f0xx_ll_pwr.o
 .debug_frame   0x00000000       0x20 build/stm32f0xx_ll_pwr.o
 .ARM.attributes
                0x00000000       0x31 build/stm32f0xx_ll_pwr.o
 .text          0x00000000        0x0 build/stm32f0xx_ll_usart.o
 .data          0x00000000        0x0 build/stm32f0xx_ll_usart.o
 .bss           0x00000000        0x0 build/stm32f0xx_ll_usart.o
 .text.LL_USART_DeInit
                0x00000000       0x54 build/stm32f0xx_ll_usart.o
 .text.LL_USART_StructInit
                0x00000000       0x18 build/stm32f0xx_ll_usart.o
 .text.LL_USART_ClockInit
                0x00000000       0x44 build/stm32f0xx_ll_usart.o
 .text.LL_USART_ClockStructInit
                0x00000000        0xc build/stm32f0xx_ll_usart.o
 .text          0x00000000       0x14 build/startup_stm32f070x6.o
 .data          0x00000000        0x0 build/startup_stm32f070x6.o
 .bss           0x00000000        0x0 build/startup_stm32f070x6.o
 .text          0x00000000        0x0 d:/gcc-arm-none-eabi-5_4-2016q3-20160926-win32/bin/../lib/gcc/arm-none-eabi/5.4.1/../../../../arm-none-eabi/lib/armv6-m\libc_nano.a(lib_a-exit.o)
 .data          0x00000000        0x0 d:/gcc-arm-none-eabi-5_4-2016q3-20160926-win32/bin/../lib/gcc/arm-none-eabi/5.4.1/../../../../arm-none-eabi/lib/armv6-m\libc_nano.a(lib_a-exit.o)
 .bss           0x00000000        0x0 d:/gcc-arm-none-eabi-5_4-2016q3-20160926-win32/bin/../lib/gcc/arm-none-eabi/5.4.1/../../../../arm-none-eabi/lib/armv6-m\libc_nano.a(lib_a-exit.o)
 .text.exit     0x00000000       0x2c d:/gcc-arm-none-eabi-5_4-2016q3-20160926-win32/bin/../lib/gcc/arm-none-eabi/5.4.1/../../../../arm-none-eabi/lib/armv6-m\libc_nano.a(lib_a-exit.o)
 .debug_frame   0x00000000       0x28 d:/gcc-arm-none-eabi-5_4-2016q3-20160926-win32/bin/../lib/gcc/arm-none-eabi/5.4.1/../../../../arm-none-eabi/lib/armv6-m\libc_nano.a(lib_a-exit.o)
 .ARM.attributes
                0x00000000       0x2c d:/gcc-arm-none-eabi-5_4-2016q3-20160926-win32/bin/../lib/gcc/arm-none-eabi/5.4.1/../../../../arm-none-eabi/lib/armv6-m\libc_nano.a(lib_a-exit.o)
 .text          0x00000000        0x0 d:/gcc-arm-none-eabi-5_4-2016q3-20160926-win32/bin/../lib/gcc/arm-none-eabi/5.4.1/../../../../arm-none-eabi/lib/armv6-m\libc_nano.a(lib_a-impure.o)
 .data          0x00000000        0x0 d:/gcc-arm-none-eabi-5_4-2016q3-20160926-win32/bin/../lib/gcc/arm-none-eabi/5.4.1/../../../../arm-none-eabi/lib/armv6-m\libc_nano.a(lib_a-impure.o)
 .bss           0x00000000        0x0 d:/gcc-arm-none-eabi-5_4-2016q3-20160926-win32/bin/../lib/gcc/arm-none-eabi/5.4.1/../../../../arm-none-eabi/lib/armv6-m\libc_nano.a(lib_a-impure.o)
 .data.impure_data
                0x00000000       0x60 d:/gcc-arm-none-eabi-5_4-2016q3-20160926-win32/bin/../lib/gcc/arm-none-eabi/5.4.1/../../../../arm-none-eabi/lib/armv6-m\libc_nano.a(lib_a-impure.o)
 .data._impure_ptr
                0x00000000        0x4 d:/gcc-arm-none-eabi-5_4-2016q3-20160926-win32/bin/../lib/gcc/arm-none-eabi/5.4.1/../../../../arm-none-eabi/lib/armv6-m\libc_nano.a(lib_a-impure.o)
 .rodata._global_impure_ptr
                0x00000000        0x4 d:/gcc-arm-none-eabi-5_4-2016q3-20160926-win32/bin/../lib/gcc/arm-none-eabi/5.4.1/../../../../arm-none-eabi/lib/armv6-m\libc_nano.a(lib_a-impure.o)
 .ARM.attributes
                0x00000000       0x2c d:/gcc-arm-none-eabi-5_4-2016q3-20160926-win32/bin/../lib/gcc/arm-none-eabi/5.4.1/../../../../arm-none-eabi/lib/armv6-m\libc_nano.a(lib_a-impure.o)
 .text          0x00000000        0x0 d:/gcc-arm-none-eabi-5_4-2016q3-20160926-win32/bin/../lib/gcc/arm-none-eabi/5.4.1/../../../../arm-none-eabi/lib/armv6-m\libc_nano.a(lib_a-init.o)
 .data          0x00000000        0x0 d:/gcc-arm-none-eabi-5_4-2016q3-20160926-win32/bin/../lib/gcc/arm-none-eabi/5.4.1/../../../../arm-none-eabi/lib/armv6-m\libc_nano.a(lib_a-init.o)
 .bss           0x00000000        0x0 d:/gcc-arm-none-eabi-5_4-2016q3-20160926-win32/bin/../lib/gcc/arm-none-eabi/5.4.1/../../../../arm-none-eabi/lib/armv6-m\libc_nano.a(lib_a-init.o)
 .text          0x00000000        0x0 d:/gcc-arm-none-eabi-5_4-2016q3-20160926-win32/bin/../lib/gcc/arm-none-eabi/5.4.1/../../../../arm-none-eabi/lib/armv6-m\libc_nano.a(lib_a-memset.o)
 .data          0x00000000        0x0 d:/gcc-arm-none-eabi-5_4-2016q3-20160926-win32/bin/../lib/gcc/arm-none-eabi/5.4.1/../../../../arm-none-eabi/lib/armv6-m\libc_nano.a(lib_a-memset.o)
 .bss           0x00000000        0x0 d:/gcc-arm-none-eabi-5_4-2016q3-20160926-win32/bin/../lib/gcc/arm-none-eabi/5.4.1/../../../../arm-none-eabi/lib/armv6-m\libc_nano.a(lib_a-memset.o)
 .text.memset   0x00000000       0x10 d:/gcc-arm-none-eabi-5_4-2016q3-20160926-win32/bin/../lib/gcc/arm-none-eabi/5.4.1/../../../../arm-none-eabi/lib/armv6-m\libc_nano.a(lib_a-memset.o)
 .debug_frame   0x00000000       0x20 d:/gcc-arm-none-eabi-5_4-2016q3-20160926-win32/bin/../lib/gcc/arm-none-eabi/5.4.1/../../../../arm-none-eabi/lib/armv6-m\libc_nano.a(lib_a-memset.o)
 .ARM.attributes
                0x00000000       0x2c d:/gcc-arm-none-eabi-5_4-2016q3-20160926-win32/bin/../lib/gcc/arm-none-eabi/5.4.1/../../../../arm-none-eabi/lib/armv6-m\libc_nano.a(lib_a-memset.o)
 .text          0x00000000        0x0 d:/gcc-arm-none-eabi-5_4-2016q3-20160926-win32/bin/../lib/gcc/arm-none-eabi/5.4.1/../../../../arm-none-eabi/lib/armv6-m\libnosys.a(_exit.o)
 .data          0x00000000        0x0 d:/gcc-arm-none-eabi-5_4-2016q3-20160926-win32/bin/../lib/gcc/arm-none-eabi/5.4.1/../../../../arm-none-eabi/lib/armv6-m\libnosys.a(_exit.o)
 .bss           0x00000000        0x0 d:/gcc-arm-none-eabi-5_4-2016q3-20160926-win32/bin/../lib/gcc/arm-none-eabi/5.4.1/../../../../arm-none-eabi/lib/armv6-m\libnosys.a(_exit.o)
 .text._exit    0x00000000        0x4 d:/gcc-arm-none-eabi-5_4-2016q3-20160926-win32/bin/../lib/gcc/arm-none-eabi/5.4.1/../../../../arm-none-eabi/lib/armv6-m\libnosys.a(_exit.o)
 .debug_frame   0x00000000       0x20 d:/gcc-arm-none-eabi-5_4-2016q3-20160926-win32/bin/../lib/gcc/arm-none-eabi/5.4.1/../../../../arm-none-eabi/lib/armv6-m\libnosys.a(_exit.o)
 .ARM.attributes
                0x00000000       0x2c d:/gcc-arm-none-eabi-5_4-2016q3-20160926-win32/bin/../lib/gcc/arm-none-eabi/5.4.1/../../../../arm-none-eabi/lib/armv6-m\libnosys.a(_exit.o)
 .data          0x00000000        0x0 d:/gcc-arm-none-eabi-5_4-2016q3-20160926-win32/bin/../lib/gcc/arm-none-eabi/5.4.1/armv6-m\libgcc.a(_udivsi3.o)
 .bss           0x00000000        0x0 d:/gcc-arm-none-eabi-5_4-2016q3-20160926-win32/bin/../lib/gcc/arm-none-eabi/5.4.1/armv6-m\libgcc.a(_udivsi3.o)
 .data          0x00000000        0x0 d:/gcc-arm-none-eabi-5_4-2016q3-20160926-win32/bin/../lib/gcc/arm-none-eabi/5.4.1/armv6-m\libgcc.a(_dvmd_tls.o)
 .bss           0x00000000        0x0 d:/gcc-arm-none-eabi-5_4-2016q3-20160926-win32/bin/../lib/gcc/arm-none-eabi/5.4.1/armv6-m\libgcc.a(_dvmd_tls.o)
 .text          0x00000000        0x0 d:/gcc-arm-none-eabi-5_4-2016q3-20160926-win32/bin/../lib/gcc/arm-none-eabi/5.4.1/armv6-m/crtend.o
 .data          0x00000000        0x0 d:/gcc-arm-none-eabi-5_4-2016q3-20160926-win32/bin/../lib/gcc/arm-none-eabi/5.4.1/armv6-m/crtend.o
 .bss           0x00000000        0x0 d:/gcc-arm-none-eabi-5_4-2016q3-20160926-win32/bin/../lib/gcc/arm-none-eabi/5.4.1/armv6-m/crtend.o
 .eh_frame      0x00000000        0x4 d:/gcc-arm-none-eabi-5_4-2016q3-20160926-win32/bin/../lib/gcc/arm-none-eabi/5.4.1/armv6-m/crtend.o
 .jcr           0x00000000        0x4 d:/gcc-arm-none-eabi-5_4-2016q3-20160926-win32/bin/../lib/gcc/arm-none-eabi/5.4.1/armv6-m/crtend.o
 .ARM.attributes
                0x00000000       0x2c d:/gcc-arm-none-eabi-5_4-2016q3-20160926-win32/bin/../lib/gcc/arm-none-eabi/5.4.1/armv6-m/crtend.o
 .text          0x00000000        0x0 d:/gcc-arm-none-eabi-5_4-2016q3-20160926-win32/bin/../lib/gcc/arm-none-eabi/5.4.1/armv6-m/crtn.o
 .data          0x00000000        0x0 d:/gcc-arm-none-eabi-5_4-2016q3-20160926-win32/bin/../lib/gcc/arm-none-eabi/5.4.1/armv6-m/crtn.o
 .bss           0x00000000        0x0 d:/gcc-arm-none-eabi-5_4-2016q3-20160926-win32/bin/../lib/gcc/arm-none-eabi/5.4.1/armv6-m/crtn.o

Memory Configuration

Name             Origin             Length             Attributes
RAM              0x20000000         0x00001800         xrw
FLASH            0x08000000         0x00008000         xr
*default*        0x00000000         0xffffffff

Linker script and memory map

LOAD d:/gcc-arm-none-eabi-5_4-2016q3-20160926-win32/bin/../lib/gcc/arm-none-eabi/5.4.1/armv6-m/crti.o
LOAD d:/gcc-arm-none-eabi-5_4-2016q3-20160926-win32/bin/../lib/gcc/arm-none-eabi/5.4.1/armv6-m/crtbegin.o
LOAD d:/gcc-arm-none-eabi-5_4-2016q3-20160926-win32/bin/../lib/gcc/arm-none-eabi/5.4.1/../../../../arm-none-eabi/lib/armv6-m/crt0.o
LOAD build/stm32f0xx_ll_utils.o
LOAD build/stm32f0xx_ll_dma.o
LOAD build/stm32f0xx_ll_rtc.o
LOAD build/stm32f0xx_ll_rcc.o
LOAD build/stm32f0xx_ll_spi.o
LOAD build/main.o
LOAD build/uart_hal.o
LOAD build/led_dog.o
LOAD build/ds18b20.o
LOAD build/stm32f0xx_it.o
LOAD build/stm32f0xx_ll_exti.o
LOAD build/system_stm32f0xx.o
LOAD build/stm32f0xx_ll_gpio.o
LOAD build/stm32f0xx_ll_pwr.o
LOAD build/stm32f0xx_ll_usart.o
LOAD build/startup_stm32f070x6.o
LOAD d:/gcc-arm-none-eabi-5_4-2016q3-20160926-win32/bin/../lib/gcc/arm-none-eabi/5.4.1/../../../../arm-none-eabi/lib/armv6-m\libc_nano.a
LOAD d:/gcc-arm-none-eabi-5_4-2016q3-20160926-win32/bin/../lib/gcc/arm-none-eabi/5.4.1/../../../../arm-none-eabi/lib/armv6-m\libm.a
LOAD d:/gcc-arm-none-eabi-5_4-2016q3-20160926-win32/bin/../lib/gcc/arm-none-eabi/5.4.1/../../../../arm-none-eabi/lib/armv6-m\libnosys.a
START GROUP
LOAD d:/gcc-arm-none-eabi-5_4-2016q3-20160926-win32/bin/../lib/gcc/arm-none-eabi/5.4.1/armv6-m\libgcc.a
LOAD d:/gcc-arm-none-eabi-5_4-2016q3-20160926-win32/bin/../lib/gcc/arm-none-eabi/5.4.1/../../../../arm-none-eabi/lib/armv6-m\libc_nano.a
END GROUP
START GROUP
LOAD d:/gcc-arm-none-eabi-5_4-2016q3-20160926-win32/bin/../lib/gcc/arm-none-eabi/5.4.1/armv6-m\libgcc.a
LOAD d:/gcc-arm-none-eabi-5_4-2016q3-20160926-win32/bin/../lib/gcc/arm-none-eabi/5.4.1/../../../../arm-none-eabi/lib/armv6-m\libc_nano.a
END GROUP
LOAD d:/gcc-arm-none-eabi-5_4-2016q3-20160926-win32/bin/../lib/gcc/arm-none-eabi/5.4.1/armv6-m/crtend.o
LOAD d:/gcc-arm-none-eabi-5_4-2016q3-20160926-win32/bin/../lib/gcc/arm-none-eabi/5.4.1/armv6-m/crtn.o
                0x20001800                _estack = 0x20001800
                0x00000200                _Min_Heap_Size = 0x200
                0x00000400                _Min_Stack_Size = 0x400

.isr_vector     0x08000000       0xc0
                0x08000000                . = ALIGN (0x4)
 *(.isr_vector)
 .isr_vector    0x08000000       0xc0 build/startup_stm32f070x6.o
                0x08000000                g_pfnVectors
                0x080000c0                . = ALIGN (0x4)

.text           0x080000c0      0xff0
                0x080000c0                . = ALIGN (0x4)
 *(.text)
 .text          0x080000c0       0x60 d:/gcc-arm-none-eabi-5_4-2016q3-20160926-win32/bin/../lib/gcc/arm-none-eabi/5.4.1/armv6-m/crtbegin.o
 .text          0x08000120      0x114 d:/gcc-arm-none-eabi-5_4-2016q3-20160926-win32/bin/../lib/gcc/arm-none-eabi/5.4.1/armv6-m\libgcc.a(_udivsi3.o)
                0x08000120                __aeabi_uidiv
                0x08000120                __udivsi3
                0x0800022c                __aeabi_uidivmod
 .text          0x08000234        0x4 d:/gcc-arm-none-eabi-5_4-2016q3-20160926-win32/bin/../lib/gcc/arm-none-eabi/5.4.1/armv6-m\libgcc.a(_dvmd_tls.o)
                0x08000234                __aeabi_idiv0
                0x08000234                __aeabi_ldiv0
 *(.text*)
 .text.LL_Init1msTick
                0x08000238       0x20 build/stm32f0xx_ll_utils.o
                0x08000238                LL_Init1msTick
 .text.LL_SetSystemCoreClock
                0x08000258        0xc build/stm32f0xx_ll_utils.o
                0x08000258                LL_SetSystemCoreClock
 .text.LL_RTC_EnterInitMode
                0x08000264       0x60 build/stm32f0xx_ll_rtc.o
                0x08000264                LL_RTC_EnterInitMode
 .text.LL_RTC_Init
                0x080002c4       0x54 build/stm32f0xx_ll_rtc.o
                0x080002c4                LL_RTC_Init
 .text.LL_RTC_WaitForSynchro
                0x08000318       0xa0 build/stm32f0xx_ll_rtc.o
                0x08000318                LL_RTC_WaitForSynchro
 .text.LL_RTC_TIME_Init
                0x080003b8       0xf8 build/stm32f0xx_ll_rtc.o
                0x080003b8                LL_RTC_TIME_Init
 .text.LL_RTC_DATE_Init
                0x080004b0       0xf4 build/stm32f0xx_ll_rtc.o
                0x080004b0                LL_RTC_DATE_Init
 .text.RCC_GetHCLKClockFreq
                0x080005a4       0x1c build/stm32f0xx_ll_rcc.o
                0x080005a4                RCC_GetHCLKClockFreq
 .text.RCC_GetPCLK1ClockFreq
                0x080005c0       0x1c build/stm32f0xx_ll_rcc.o
                0x080005c0                RCC_GetPCLK1ClockFreq
 .text.RCC_PLL_GetFreqDomain_SYS
                0x080005dc       0x28 build/stm32f0xx_ll_rcc.o
                0x080005dc                RCC_PLL_GetFreqDomain_SYS
 .text.RCC_GetSystemClockFreq
                0x08000604       0x20 build/stm32f0xx_ll_rcc.o
                0x08000604                RCC_GetSystemClockFreq
 .text.LL_RCC_GetSystemClocksFreq
                0x08000624       0x18 build/stm32f0xx_ll_rcc.o
                0x08000624                LL_RCC_GetSystemClocksFreq
 .text.LL_RCC_GetUSARTClockFreq
                0x0800063c       0x64 build/stm32f0xx_ll_rcc.o
                0x0800063c                LL_RCC_GetUSARTClockFreq
 .text.LL_SPI_Init
                0x080006a0       0x68 build/stm32f0xx_ll_spi.o
                0x080006a0                LL_SPI_Init
 .text.LL_Init  0x08000708       0x40 build/main.o
 .text.MX_CRC_Init
                0x08000748       0x34 build/main.o
 .text.MX_IWDG_Init
                0x0800077c       0x38 build/main.o
 .text.MX_WWDG_Init
                0x080007b4       0x50 build/main.o
 .text.MX_DMA_Init
                0x08000804       0x48 build/main.o
 .text.MX_GPIO_Init
                0x0800084c      0x12c build/main.o
 .text.MX_SPI1_Init
                0x08000978      0x154 build/main.o
 .text.MX_USART1_UART_Init
                0x08000acc      0x144 build/main.o
 .text.MX_RTC_Init
                0x08000c10       0x70 build/main.o
 .text._Error_Handler
                0x08000c80        0x4 build/main.o
                0x08000c80                _Error_Handler
 .text.SystemClock_Config
                0x08000c84      0x134 build/main.o
                0x08000c84                SystemClock_Config
 .text.main     0x08000db8       0x2c build/main.o
                0x08000db8                main
 .text.NMI_Handler
                0x08000de4        0x4 build/stm32f0xx_it.o
                0x08000de4                NMI_Handler
 .text.HardFault_Handler
                0x08000de8        0x4 build/stm32f0xx_it.o
                0x08000de8                HardFault_Handler
 .text.SVC_Handler
                0x08000dec        0x4 build/stm32f0xx_it.o
                0x08000dec                SVC_Handler
 .text.PendSV_Handler
                0x08000df0        0x4 build/stm32f0xx_it.o
                0x08000df0                PendSV_Handler
 .text.SysTick_Handler
                0x08000df4        0x4 build/stm32f0xx_it.o
                0x08000df4                SysTick_Handler
 .text.DMA1_Channel2_3_IRQHandler
                0x08000df8        0x4 build/stm32f0xx_it.o
                0x08000df8                DMA1_Channel2_3_IRQHandler
 .text.DMA1_Channel4_5_IRQHandler
                0x08000dfc        0x4 build/stm32f0xx_it.o
                0x08000dfc                DMA1_Channel4_5_IRQHandler
 .text.USART1_IRQHandler
                0x08000e00        0x4 build/stm32f0xx_it.o
                0x08000e00                USART1_IRQHandler
 .text.SystemInit
                0x08000e04       0x68 build/system_stm32f0xx.o
                0x08000e04                SystemInit
 .text.LL_GPIO_Init
                0x08000e6c       0xa4 build/stm32f0xx_ll_gpio.o
                0x08000e6c                LL_GPIO_Init
 .text.LL_USART_Init
                0x08000f10       0xc8 build/stm32f0xx_ll_usart.o
                0x08000f10                LL_USART_Init
 .text.Reset_Handler
                0x08000fd8       0x70 build/startup_stm32f070x6.o
                0x08000fd8                Reset_Handler
 .text.Default_Handler
                0x08001048        0x2 build/startup_stm32f070x6.o
                0x08001048                TIM1_CC_IRQHandler
                0x08001048                I2C1_IRQHandler
                0x08001048                SPI1_IRQHandler
                0x08001048                EXTI2_3_IRQHandler
                0x08001048                ADC1_IRQHandler
                0x08001048                TIM17_IRQHandler
                0x08001048                RTC_IRQHandler
                0x08001048                TIM16_IRQHandler
                0x08001048                TIM3_IRQHandler
                0x08001048                EXTI4_15_IRQHandler
                0x08001048                RCC_IRQHandler
                0x08001048                DMA1_Channel1_IRQHandler
                0x08001048                Default_Handler
                0x08001048                TIM14_IRQHandler
                0x08001048                EXTI0_1_IRQHandler
                0x08001048                USB_IRQHandler
                0x08001048                WWDG_IRQHandler
                0x08001048                USART2_IRQHandler
                0x08001048                FLASH_IRQHandler
                0x08001048                TIM1_BRK_UP_TRG_COM_IRQHandler
 *fill*         0x0800104a        0x2 
 .text.__libc_init_array
                0x0800104c       0x4c d:/gcc-arm-none-eabi-5_4-2016q3-20160926-win32/bin/../lib/gcc/arm-none-eabi/5.4.1/../../../../arm-none-eabi/lib/armv6-m\libc_nano.a(lib_a-init.o)
                0x0800104c                __libc_init_array
 *(.glue_7)
 .glue_7        0x08001098        0x0 linker stubs
 *(.glue_7t)
 .glue_7t       0x08001098        0x0 linker stubs
 *(.eh_frame)
 .eh_frame      0x08001098        0x0 d:/gcc-arm-none-eabi-5_4-2016q3-20160926-win32/bin/../lib/gcc/arm-none-eabi/5.4.1/armv6-m/crtbegin.o
 *(.init)
 .init          0x08001098        0x4 d:/gcc-arm-none-eabi-5_4-2016q3-20160926-win32/bin/../lib/gcc/arm-none-eabi/5.4.1/armv6-m/crti.o
                0x08001098                _init
 .init          0x0800109c        0x8 d:/gcc-arm-none-eabi-5_4-2016q3-20160926-win32/bin/../lib/gcc/arm-none-eabi/5.4.1/armv6-m/crtn.o
 *(.fini)
 .fini          0x080010a4        0x4 d:/gcc-arm-none-eabi-5_4-2016q3-20160926-win32/bin/../lib/gcc/arm-none-eabi/5.4.1/armv6-m/crti.o
                0x080010a4                _fini
 .fini          0x080010a8        0x8 d:/gcc-arm-none-eabi-5_4-2016q3-20160926-win32/bin/../lib/gcc/arm-none-eabi/5.4.1/armv6-m/crtn.o
                0x080010b0                . = ALIGN (0x4)
                0x080010b0                _etext = .

.vfp11_veneer   0x080010b0        0x0
 .vfp11_veneer  0x080010b0        0x0 linker stubs

.v4_bx          0x080010b0        0x0
 .v4_bx         0x080010b0        0x0 linker stubs

.iplt           0x080010b0        0x0
 .iplt          0x080010b0        0x0 d:/gcc-arm-none-eabi-5_4-2016q3-20160926-win32/bin/../lib/gcc/arm-none-eabi/5.4.1/armv6-m/crtbegin.o

.rodata         0x080010b0       0x24
                0x080010b0                . = ALIGN (0x4)
 *(.rodata)
 *(.rodata*)
 .rodata.str1.4
                0x080010b0        0xc build/main.o
                                  0xb (size before relaxing)
 .rodata.AHBPrescTable
                0x080010bc       0x10 build/system_stm32f0xx.o
                0x080010bc                AHBPrescTable
 .rodata.APBPrescTable
                0x080010cc        0x8 build/system_stm32f0xx.o
                0x080010cc                APBPrescTable
                0x080010d4                . = ALIGN (0x4)

.rel.dyn        0x080010d4        0x0
 .rel.iplt      0x080010d4        0x0 d:/gcc-arm-none-eabi-5_4-2016q3-20160926-win32/bin/../lib/gcc/arm-none-eabi/5.4.1/armv6-m/crtbegin.o

.ARM.extab
 *(.ARM.extab* .gnu.linkonce.armextab.*)

.ARM            0x080010d4        0x0
                0x080010d4                __exidx_start = .
 *(.ARM.exidx*)
                0x080010d4                __exidx_end = .

.preinit_array  0x080010d4        0x0
                0x080010d4                PROVIDE (__preinit_array_start, .)
 *(.preinit_array*)
                0x080010d4                PROVIDE (__preinit_array_end, .)

.init_array     0x080010d4        0x4
                0x080010d4                PROVIDE (__init_array_start, .)
 *(SORT(.init_array.*))
 *(.init_array*)
 .init_array    0x080010d4        0x4 d:/gcc-arm-none-eabi-5_4-2016q3-20160926-win32/bin/../lib/gcc/arm-none-eabi/5.4.1/armv6-m/crtbegin.o
                0x080010d8                PROVIDE (__init_array_end, .)

.fini_array     0x080010d8        0x4
                [!provide]                PROVIDE (__fini_array_start, .)
 *(SORT(.fini_array.*))
 *(.fini_array*)
 .fini_array    0x080010d8        0x4 d:/gcc-arm-none-eabi-5_4-2016q3-20160926-win32/bin/../lib/gcc/arm-none-eabi/5.4.1/armv6-m/crtbegin.o
                [!provide]                PROVIDE (__fini_array_end, .)
                0x080010dc                _sidata = LOADADDR (.data)

.data           0x20000000        0x4 load address 0x080010dc
                0x20000000                . = ALIGN (0x4)
                0x20000000                _sdata = .
 *(.data)
 *(.data*)
 .data.SystemCoreClock
                0x20000000        0x4 build/system_stm32f0xx.o
                0x20000000                SystemCoreClock
                0x20000004                . = ALIGN (0x4)
                0x20000004                _edata = .

.jcr            0x20000004        0x0 load address 0x080010e0
 .jcr           0x20000004        0x0 d:/gcc-arm-none-eabi-5_4-2016q3-20160926-win32/bin/../lib/gcc/arm-none-eabi/5.4.1/armv6-m/crtbegin.o

.igot.plt       0x20000004        0x0 load address 0x080010e0
 .igot.plt      0x20000004        0x0 d:/gcc-arm-none-eabi-5_4-2016q3-20160926-win32/bin/../lib/gcc/arm-none-eabi/5.4.1/armv6-m/crtbegin.o
                0x20000004                . = ALIGN (0x4)

.bss            0x20000004       0x1c load address 0x080010e0
                0x20000004                _sbss = .
                0x20000004                __bss_start__ = _sbss
 *(.bss)
 .bss           0x20000004       0x1c d:/gcc-arm-none-eabi-5_4-2016q3-20160926-win32/bin/../lib/gcc/arm-none-eabi/5.4.1/armv6-m/crtbegin.o
 *(.bss*)
 *(COMMON)
                0x20000020                . = ALIGN (0x4)
                0x20000020                _ebss = .
                0x20000020                __bss_end__ = _ebss

._user_heap_stack
                0x20000020      0x600 load address 0x080010e0
                0x20000020                . = ALIGN (0x8)
                [!provide]                PROVIDE (end, .)
                [!provide]                PROVIDE (_end, .)
                0x20000220                . = (. + _Min_Heap_Size)
 *fill*         0x20000020      0x200 
                0x20000620                . = (. + _Min_Stack_Size)
 *fill*         0x20000220      0x400 
                0x20000620                . = ALIGN (0x8)

/DISCARD/
 libc.a(*)
 libm.a(*)
 libgcc.a(*)

.ARM.attributes
                0x00000000       0x28
 *(.ARM.attributes)
 .ARM.attributes
                0x00000000       0x1e d:/gcc-arm-none-eabi-5_4-2016q3-20160926-win32/bin/../lib/gcc/arm-none-eabi/5.4.1/armv6-m/crti.o
 .ARM.attributes
                0x0000001e       0x2c d:/gcc-arm-none-eabi-5_4-2016q3-20160926-win32/bin/../lib/gcc/arm-none-eabi/5.4.1/armv6-m/crtbegin.o
 .ARM.attributes
                0x0000004a       0x31 build/stm32f0xx_ll_utils.o
 .ARM.attributes
                0x0000007b       0x31 build/stm32f0xx_ll_rtc.o
 .ARM.attributes
                0x000000ac       0x31 build/stm32f0xx_ll_rcc.o
 .ARM.attributes
                0x000000dd       0x31 build/stm32f0xx_ll_spi.o
 .ARM.attributes
                0x0000010e       0x31 build/main.o
 .ARM.attributes
                0x0000013f       0x31 build/stm32f0xx_it.o
 .ARM.attributes
                0x00000170       0x31 build/system_stm32f0xx.o
 .ARM.attributes
                0x000001a1       0x31 build/stm32f0xx_ll_gpio.o
 .ARM.attributes
                0x000001d2       0x31 build/stm32f0xx_ll_usart.o
 .ARM.attributes
                0x00000203       0x21 build/startup_stm32f070x6.o
 .ARM.attributes
                0x00000224       0x2c d:/gcc-arm-none-eabi-5_4-2016q3-20160926-win32/bin/../lib/gcc/arm-none-eabi/5.4.1/../../../../arm-none-eabi/lib/armv6-m\libc_nano.a(lib_a-init.o)
 .ARM.attributes
                0x00000250       0x1e d:/gcc-arm-none-eabi-5_4-2016q3-20160926-win32/bin/../lib/gcc/arm-none-eabi/5.4.1/armv6-m\libgcc.a(_udivsi3.o)
 .ARM.attributes
                0x0000026e       0x1e d:/gcc-arm-none-eabi-5_4-2016q3-20160926-win32/bin/../lib/gcc/arm-none-eabi/5.4.1/armv6-m\libgcc.a(_dvmd_tls.o)
 .ARM.attributes
                0x0000028c       0x1e d:/gcc-arm-none-eabi-5_4-2016q3-20160926-win32/bin/../lib/gcc/arm-none-eabi/5.4.1/armv6-m/crtn.o
OUTPUT(build/tMonitor.elf elf32-littlearm)

.debug_info     0x00000000     0x5f55
 .debug_info    0x00000000      0x987 build/stm32f0xx_ll_utils.o
 .debug_info    0x00000987     0x1122 build/stm32f0xx_ll_rtc.o
 .debug_info    0x00001aa9      0x725 build/stm32f0xx_ll_rcc.o
 .debug_info    0x000021ce      0x487 build/stm32f0xx_ll_spi.o
 .debug_info    0x00002655     0x25e7 build/main.o
 .debug_info    0x00004c3c      0x161 build/stm32f0xx_it.o
 .debug_info    0x00004d9d      0x265 build/system_stm32f0xx.o
 .debug_info    0x00005002      0x721 build/stm32f0xx_ll_gpio.o
 .debug_info    0x00005723      0x7dd build/stm32f0xx_ll_usart.o
 .debug_info    0x00005f00       0x55 build/startup_stm32f070x6.o

.debug_abbrev   0x00000000     0x1277
 .debug_abbrev  0x00000000      0x2d0 build/stm32f0xx_ll_utils.o
 .debug_abbrev  0x000002d0      0x2dc build/stm32f0xx_ll_rtc.o
 .debug_abbrev  0x000005ac      0x24a build/stm32f0xx_ll_rcc.o
 .debug_abbrev  0x000007f6      0x1aa build/stm32f0xx_ll_spi.o
 .debug_abbrev  0x000009a0      0x33d build/main.o
 .debug_abbrev  0x00000cdd       0x94 build/stm32f0xx_it.o
 .debug_abbrev  0x00000d71       0xf2 build/system_stm32f0xx.o
 .debug_abbrev  0x00000e63      0x1a7 build/stm32f0xx_ll_gpio.o
 .debug_abbrev  0x0000100a      0x25b build/stm32f0xx_ll_usart.o
 .debug_abbrev  0x00001265       0x12 build/startup_stm32f070x6.o

.debug_loc      0x00000000     0x3079
 .debug_loc     0x00000000      0x61e build/stm32f0xx_ll_utils.o
 .debug_loc     0x0000061e      0xddd build/stm32f0xx_ll_rtc.o
 .debug_loc     0x000013fb      0x3bc build/stm32f0xx_ll_rcc.o
 .debug_loc     0x000017b7      0x182 build/stm32f0xx_ll_spi.o
 .debug_loc     0x00001939      0xe0b build/main.o
 .debug_loc     0x00002744      0x11e build/system_stm32f0xx.o
 .debug_loc     0x00002862      0x3b9 build/stm32f0xx_ll_gpio.o
 .debug_loc     0x00002c1b      0x45e build/stm32f0xx_ll_usart.o

.debug_aranges  0x00000000      0x2f8
 .debug_aranges
                0x00000000       0x60 build/stm32f0xx_ll_utils.o
 .debug_aranges
                0x00000060       0x78 build/stm32f0xx_ll_rtc.o
 .debug_aranges
                0x000000d8       0x60 build/stm32f0xx_ll_rcc.o
 .debug_aranges
                0x00000138       0x30 build/stm32f0xx_ll_spi.o
 .debug_aranges
                0x00000168       0x78 build/main.o
 .debug_aranges
                0x000001e0       0x58 build/stm32f0xx_it.o
 .debug_aranges
                0x00000238       0x28 build/system_stm32f0xx.o
 .debug_aranges
                0x00000260       0x30 build/stm32f0xx_ll_gpio.o
 .debug_aranges
                0x00000290       0x40 build/stm32f0xx_ll_usart.o
 .debug_aranges
                0x000002d0       0x28 build/startup_stm32f070x6.o

.debug_ranges   0x00000000      0x278
 .debug_ranges  0x00000000       0x50 build/stm32f0xx_ll_utils.o
 .debug_ranges  0x00000050       0x68 build/stm32f0xx_ll_rtc.o
 .debug_ranges  0x000000b8       0x50 build/stm32f0xx_ll_rcc.o
 .debug_ranges  0x00000108       0x20 build/stm32f0xx_ll_spi.o
 .debug_ranges  0x00000128       0x68 build/main.o
 .debug_ranges  0x00000190       0x48 build/stm32f0xx_it.o
 .debug_ranges  0x000001d8       0x18 build/system_stm32f0xx.o
 .debug_ranges  0x000001f0       0x20 build/stm32f0xx_ll_gpio.o
 .debug_ranges  0x00000210       0x48 build/stm32f0xx_ll_usart.o
 .debug_ranges  0x00000258       0x20 build/startup_stm32f070x6.o

.debug_line     0x00000000     0x1ccf
 .debug_line    0x00000000      0x39f build/stm32f0xx_ll_utils.o
 .debug_line    0x0000039f      0x517 build/stm32f0xx_ll_rtc.o
 .debug_line    0x000008b6      0x334 build/stm32f0xx_ll_rcc.o
 .debug_line    0x00000bea      0x21b build/stm32f0xx_ll_spi.o
 .debug_line    0x00000e05      0x601 build/main.o
 .debug_line    0x00001406      0x1a7 build/stm32f0xx_it.o
 .debug_line    0x000015ad      0x16b build/system_stm32f0xx.o
 .debug_line    0x00001718      0x27c build/stm32f0xx_ll_gpio.o
 .debug_line    0x00001994      0x2b3 build/stm32f0xx_ll_usart.o
 .debug_line    0x00001c47       0x88 build/startup_stm32f070x6.o

.debug_str      0x00000000     0x1a5f
 .debug_str     0x00000000      0x53d build/stm32f0xx_ll_utils.o
                                0x5c5 (size before relaxing)
 .debug_str     0x0000053d      0x483 build/stm32f0xx_ll_rtc.o
                                0x661 (size before relaxing)
 .debug_str     0x000009c0      0x301 build/stm32f0xx_ll_rcc.o
                                0x57a (size before relaxing)
 .debug_str     0x00000cc1      0x160 build/stm32f0xx_ll_spi.o
                                0x34f (size before relaxing)
 .debug_str     0x00000e21      0x894 build/main.o
                                0xec7 (size before relaxing)
 .debug_str     0x000016b5       0xa4 build/stm32f0xx_it.o
                                0x207 (size before relaxing)
 .debug_str     0x00001759       0x4d build/system_stm32f0xx.o
                                0x23a (size before relaxing)
 .debug_str     0x000017a6      0x119 build/stm32f0xx_ll_gpio.o
                                0x37d (size before relaxing)
 .debug_str     0x000018bf      0x1a0 build/stm32f0xx_ll_usart.o
                                0x50e (size before relaxing)

.comment        0x00000000       0x6e
 .comment       0x00000000       0x6e build/stm32f0xx_ll_utils.o
                                 0x6f (size before relaxing)
 .comment       0x0000006e       0x6f build/stm32f0xx_ll_rtc.o
 .comment       0x0000006e       0x6f build/stm32f0xx_ll_rcc.o
 .comment       0x0000006e       0x6f build/stm32f0xx_ll_spi.o
 .comment       0x0000006e       0x6f build/main.o
 .comment       0x0000006e       0x6f build/stm32f0xx_it.o
 .comment       0x0000006e       0x6f build/system_stm32f0xx.o
 .comment       0x0000006e       0x6f build/stm32f0xx_ll_gpio.o
 .comment       0x0000006e       0x6f build/stm32f0xx_ll_usart.o

.debug_frame    0x00000000      0x700
 .debug_frame   0x00000000      0x108 build/stm32f0xx_ll_utils.o
 .debug_frame   0x00000108      0x154 build/stm32f0xx_ll_rtc.o
 .debug_frame   0x0000025c       0xf8 build/stm32f0xx_ll_rcc.o
 .debug_frame   0x00000354       0x4c build/stm32f0xx_ll_spi.o
 .debug_frame   0x000003a0      0x178 build/main.o
 .debug_frame   0x00000518       0x90 build/stm32f0xx_it.o
 .debug_frame   0x000005a8       0x3c build/system_stm32f0xx.o
 .debug_frame   0x000005e4       0x54 build/stm32f0xx_ll_gpio.o
 .debug_frame   0x00000638       0x7c build/stm32f0xx_ll_usart.o
 .debug_frame   0x000006b4       0x2c d:/gcc-arm-none-eabi-5_4-2016q3-20160926-win32/bin/../lib/gcc/arm-none-eabi/5.4.1/../../../../arm-none-eabi/lib/armv6-m\libc_nano.a(lib_a-init.o)
 .debug_frame   0x000006e0       0x20 d:/gcc-arm-none-eabi-5_4-2016q3-20160926-win32/bin/../lib/gcc/arm-none-eabi/5.4.1/armv6-m\libgcc.a(_udivsi3.o)

Cross Reference Table

Symbol                                            File
ADC1_IRQHandler                                   build/startup_stm32f070x6.o
AHBPrescTable                                     build/system_stm32f0xx.o
                                                  build/stm32f0xx_ll_rcc.o
                                                  build/stm32f0xx_ll_utils.o
APBPrescTable                                     build/system_stm32f0xx.o
                                                  build/stm32f0xx_ll_rcc.o
DMA1_Channel1_IRQHandler                          build/startup_stm32f070x6.o
DMA1_Channel2_3_IRQHandler                        build/stm32f0xx_it.o
DMA1_Channel4_5_IRQHandler                        build/stm32f0xx_it.o
Default_Handler                                   build/startup_stm32f070x6.o
EXTI0_1_IRQHandler                                build/startup_stm32f070x6.o
EXTI2_3_IRQHandler                                build/startup_stm32f070x6.o
EXTI4_15_IRQHandler                               build/startup_stm32f070x6.o
FLASH_IRQHandler                                  build/startup_stm32f070x6.o
HardFault_Handler                                 build/stm32f0xx_it.o
I2C1_IRQHandler                                   build/startup_stm32f070x6.o
LL_DMA_DeInit                                     build/stm32f0xx_ll_dma.o
LL_DMA_Init                                       build/stm32f0xx_ll_dma.o
LL_DMA_StructInit                                 build/stm32f0xx_ll_dma.o
LL_EXTI_DeInit                                    build/stm32f0xx_ll_exti.o
LL_EXTI_Init                                      build/stm32f0xx_ll_exti.o
LL_EXTI_StructInit                                build/stm32f0xx_ll_exti.o
LL_GPIO_DeInit                                    build/stm32f0xx_ll_gpio.o
LL_GPIO_Init                                      build/stm32f0xx_ll_gpio.o
                                                  build/main.o
LL_GPIO_StructInit                                build/stm32f0xx_ll_gpio.o
LL_Init1msTick                                    build/stm32f0xx_ll_utils.o
                                                  build/main.o
LL_PLL_ConfigSystemClock_HSE                      build/stm32f0xx_ll_utils.o
LL_PLL_ConfigSystemClock_HSI                      build/stm32f0xx_ll_utils.o
LL_PWR_DeInit                                     build/stm32f0xx_ll_pwr.o
LL_RCC_DeInit                                     build/stm32f0xx_ll_rcc.o
LL_RCC_GetI2CClockFreq                            build/stm32f0xx_ll_rcc.o
LL_RCC_GetSystemClocksFreq                        build/stm32f0xx_ll_rcc.o
                                                  build/stm32f0xx_ll_usart.o
LL_RCC_GetUSARTClockFreq                          build/stm32f0xx_ll_rcc.o
                                                  build/stm32f0xx_ll_usart.o
LL_RCC_GetUSBClockFreq                            build/stm32f0xx_ll_rcc.o
LL_RTC_ALMA_Init                                  build/stm32f0xx_ll_rtc.o
LL_RTC_ALMA_StructInit                            build/stm32f0xx_ll_rtc.o
LL_RTC_DATE_Init                                  build/stm32f0xx_ll_rtc.o
                                                  build/main.o
LL_RTC_DATE_StructInit                            build/stm32f0xx_ll_rtc.o
LL_RTC_DeInit                                     build/stm32f0xx_ll_rtc.o
LL_RTC_EnterInitMode                              build/stm32f0xx_ll_rtc.o
LL_RTC_ExitInitMode                               build/stm32f0xx_ll_rtc.o
LL_RTC_Init                                       build/stm32f0xx_ll_rtc.o
                                                  build/main.o
LL_RTC_StructInit                                 build/stm32f0xx_ll_rtc.o
LL_RTC_TIME_Init                                  build/stm32f0xx_ll_rtc.o
                                                  build/main.o
LL_RTC_TIME_StructInit                            build/stm32f0xx_ll_rtc.o
LL_RTC_WaitForSynchro                             build/stm32f0xx_ll_rtc.o
LL_SPI_DeInit                                     build/stm32f0xx_ll_spi.o
LL_SPI_Init                                       build/stm32f0xx_ll_spi.o
                                                  build/main.o
LL_SPI_StructInit                                 build/stm32f0xx_ll_spi.o
LL_SetSystemCoreClock                             build/stm32f0xx_ll_utils.o
                                                  build/main.o
LL_USART_ClearFlag_ORE                            build/uart_hal.o
LL_USART_ClockInit                                build/stm32f0xx_ll_usart.o
LL_USART_ClockStructInit                          build/stm32f0xx_ll_usart.o
LL_USART_DeInit                                   build/stm32f0xx_ll_usart.o
LL_USART_DisableIT_RXNE                           build/uart_hal.o
LL_USART_DisableIT_TXE                            build/uart_hal.o
LL_USART_EnableIT_RXNE                            build/uart_hal.o
LL_USART_EnableIT_TXE                             build/uart_hal.o
LL_USART_Init                                     build/stm32f0xx_ll_usart.o
                                                  build/main.o
LL_USART_IsActiveFlag_ORE                         build/uart_hal.o
LL_USART_IsActiveFlag_RXNE                        build/uart_hal.o
LL_USART_IsActiveFlag_TXE                         build/uart_hal.o
LL_USART_IsEnabledIT_RXNE                         build/uart_hal.o
LL_USART_IsEnabledIT_TXE                          build/uart_hal.o
LL_USART_ReceiveData8                             build/uart_hal.o
LL_USART_StructInit                               build/stm32f0xx_ll_usart.o
LL_USART_TransmitData8                            build/uart_hal.o
LL_mDelay                                         build/stm32f0xx_ll_utils.o
NMI_Handler                                       build/stm32f0xx_it.o
PendSV_Handler                                    build/stm32f0xx_it.o
RCC_GetHCLKClockFreq                              build/stm32f0xx_ll_rcc.o
RCC_GetPCLK1ClockFreq                             build/stm32f0xx_ll_rcc.o
RCC_GetSystemClockFreq                            build/stm32f0xx_ll_rcc.o
RCC_IRQHandler                                    build/startup_stm32f070x6.o
RCC_PLL_GetFreqDomain_SYS                         build/stm32f0xx_ll_rcc.o
RTC_IRQHandler                                    build/startup_stm32f070x6.o
Reset_Handler                                     build/startup_stm32f070x6.o
SPI1_IRQHandler                                   build/startup_stm32f070x6.o
SVC_Handler                                       build/stm32f0xx_it.o
SysTick_Handler                                   build/stm32f0xx_it.o
SystemClock_Config                                build/main.o
SystemCoreClock                                   build/system_stm32f0xx.o
                                                  build/stm32f0xx_ll_utils.o
SystemCoreClockUpdate                             build/system_stm32f0xx.o
SystemInit                                        build/system_stm32f0xx.o
                                                  build/startup_stm32f070x6.o
TIM14_IRQHandler                                  build/startup_stm32f070x6.o
TIM16_IRQHandler                                  build/startup_stm32f070x6.o
TIM17_IRQHandler                                  build/startup_stm32f070x6.o
TIM1_BRK_UP_TRG_COM_IRQHandler                    build/startup_stm32f070x6.o
TIM1_CC_IRQHandler                                build/startup_stm32f070x6.o
TIM3_IRQHandler                                   build/startup_stm32f070x6.o
USART1_IRQHandler                                 build/stm32f0xx_it.o
USART2_IRQHandler                                 build/startup_stm32f070x6.o
USB_IRQHandler                                    build/startup_stm32f070x6.o
Uart_Read_IT                                      build/uart_hal.o
Uart_Write_IT                                     build/uart_hal.o
WWDG_IRQHandler                                   build/startup_stm32f070x6.o
_Error_Handler                                    build/main.o
_Jv_RegisterClasses                               d:/gcc-arm-none-eabi-5_4-2016q3-20160926-win32/bin/../lib/gcc/arm-none-eabi/5.4.1/armv6-m/crtbegin.o
__aeabi_idiv0                                     d:/gcc-arm-none-eabi-5_4-2016q3-20160926-win32/bin/../lib/gcc/arm-none-eabi/5.4.1/armv6-m\libgcc.a(_dvmd_tls.o)
                                                  d:/gcc-arm-none-eabi-5_4-2016q3-20160926-win32/bin/../lib/gcc/arm-none-eabi/5.4.1/armv6-m\libgcc.a(_udivsi3.o)
__aeabi_ldiv0                                     d:/gcc-arm-none-eabi-5_4-2016q3-20160926-win32/bin/../lib/gcc/arm-none-eabi/5.4.1/armv6-m\libgcc.a(_dvmd_tls.o)
__aeabi_uidiv                                     d:/gcc-arm-none-eabi-5_4-2016q3-20160926-win32/bin/../lib/gcc/arm-none-eabi/5.4.1/armv6-m\libgcc.a(_udivsi3.o)
                                                  build/stm32f0xx_ll_usart.o
                                                  build/system_stm32f0xx.o
                                                  build/stm32f0xx_ll_rcc.o
                                                  build/stm32f0xx_ll_rtc.o
                                                  build/stm32f0xx_ll_utils.o
__aeabi_uidivmod                                  d:/gcc-arm-none-eabi-5_4-2016q3-20160926-win32/bin/../lib/gcc/arm-none-eabi/5.4.1/armv6-m\libgcc.a(_udivsi3.o)
                                                  build/uart_hal.o
                                                  build/stm32f0xx_ll_rtc.o
__bss_end__                                       d:/gcc-arm-none-eabi-5_4-2016q3-20160926-win32/bin/../lib/gcc/arm-none-eabi/5.4.1/../../../../arm-none-eabi/lib/armv6-m/crt0.o
__bss_start__                                     d:/gcc-arm-none-eabi-5_4-2016q3-20160926-win32/bin/../lib/gcc/arm-none-eabi/5.4.1/../../../../arm-none-eabi/lib/armv6-m/crt0.o
__call_exitprocs                                  d:/gcc-arm-none-eabi-5_4-2016q3-20160926-win32/bin/../lib/gcc/arm-none-eabi/5.4.1/../../../../arm-none-eabi/lib/armv6-m\libc_nano.a(lib_a-exit.o)
__deregister_frame_info                           d:/gcc-arm-none-eabi-5_4-2016q3-20160926-win32/bin/../lib/gcc/arm-none-eabi/5.4.1/armv6-m/crtbegin.o
__dso_handle                                      d:/gcc-arm-none-eabi-5_4-2016q3-20160926-win32/bin/../lib/gcc/arm-none-eabi/5.4.1/armv6-m/crtbegin.o
__init_array_end                                  d:/gcc-arm-none-eabi-5_4-2016q3-20160926-win32/bin/../lib/gcc/arm-none-eabi/5.4.1/../../../../arm-none-eabi/lib/armv6-m\libc_nano.a(lib_a-init.o)
__init_array_start                                d:/gcc-arm-none-eabi-5_4-2016q3-20160926-win32/bin/../lib/gcc/arm-none-eabi/5.4.1/../../../../arm-none-eabi/lib/armv6-m\libc_nano.a(lib_a-init.o)
__libc_fini_array                                 d:/gcc-arm-none-eabi-5_4-2016q3-20160926-win32/bin/../lib/gcc/arm-none-eabi/5.4.1/../../../../arm-none-eabi/lib/armv6-m/crt0.o
__libc_init_array                                 d:/gcc-arm-none-eabi-5_4-2016q3-20160926-win32/bin/../lib/gcc/arm-none-eabi/5.4.1/../../../../arm-none-eabi/lib/armv6-m\libc_nano.a(lib_a-init.o)
                                                  build/startup_stm32f070x6.o
                                                  d:/gcc-arm-none-eabi-5_4-2016q3-20160926-win32/bin/../lib/gcc/arm-none-eabi/5.4.1/../../../../arm-none-eabi/lib/armv6-m/crt0.o
__preinit_array_end                               d:/gcc-arm-none-eabi-5_4-2016q3-20160926-win32/bin/../lib/gcc/arm-none-eabi/5.4.1/../../../../arm-none-eabi/lib/armv6-m\libc_nano.a(lib_a-init.o)
__preinit_array_start                             d:/gcc-arm-none-eabi-5_4-2016q3-20160926-win32/bin/../lib/gcc/arm-none-eabi/5.4.1/../../../../arm-none-eabi/lib/armv6-m\libc_nano.a(lib_a-init.o)
__register_frame_info                             d:/gcc-arm-none-eabi-5_4-2016q3-20160926-win32/bin/../lib/gcc/arm-none-eabi/5.4.1/armv6-m/crtbegin.o
__sf_fake_stderr                                  d:/gcc-arm-none-eabi-5_4-2016q3-20160926-win32/bin/../lib/gcc/arm-none-eabi/5.4.1/../../../../arm-none-eabi/lib/armv6-m\libc_nano.a(lib_a-impure.o)
__sf_fake_stdin                                   d:/gcc-arm-none-eabi-5_4-2016q3-20160926-win32/bin/../lib/gcc/arm-none-eabi/5.4.1/../../../../arm-none-eabi/lib/armv6-m\libc_nano.a(lib_a-impure.o)
__sf_fake_stdout                                  d:/gcc-arm-none-eabi-5_4-2016q3-20160926-win32/bin/../lib/gcc/arm-none-eabi/5.4.1/../../../../arm-none-eabi/lib/armv6-m\libc_nano.a(lib_a-impure.o)
__stack                                           d:/gcc-arm-none-eabi-5_4-2016q3-20160926-win32/bin/../lib/gcc/arm-none-eabi/5.4.1/../../../../arm-none-eabi/lib/armv6-m/crt0.o
__udivsi3                                         d:/gcc-arm-none-eabi-5_4-2016q3-20160926-win32/bin/../lib/gcc/arm-none-eabi/5.4.1/armv6-m\libgcc.a(_udivsi3.o)
_ebss                                             build/startup_stm32f070x6.o
_edata                                            build/startup_stm32f070x6.o
_estack                                           build/startup_stm32f070x6.o
_exit                                             d:/gcc-arm-none-eabi-5_4-2016q3-20160926-win32/bin/../lib/gcc/arm-none-eabi/5.4.1/../../../../arm-none-eabi/lib/armv6-m\libnosys.a(_exit.o)
                                                  d:/gcc-arm-none-eabi-5_4-2016q3-20160926-win32/bin/../lib/gcc/arm-none-eabi/5.4.1/../../../../arm-none-eabi/lib/armv6-m\libc_nano.a(lib_a-exit.o)
_fini                                             d:/gcc-arm-none-eabi-5_4-2016q3-20160926-win32/bin/../lib/gcc/arm-none-eabi/5.4.1/armv6-m/crti.o
_global_impure_ptr                                d:/gcc-arm-none-eabi-5_4-2016q3-20160926-win32/bin/../lib/gcc/arm-none-eabi/5.4.1/../../../../arm-none-eabi/lib/armv6-m\libc_nano.a(lib_a-impure.o)
                                                  d:/gcc-arm-none-eabi-5_4-2016q3-20160926-win32/bin/../lib/gcc/arm-none-eabi/5.4.1/../../../../arm-none-eabi/lib/armv6-m\libc_nano.a(lib_a-exit.o)
_impure_ptr                                       d:/gcc-arm-none-eabi-5_4-2016q3-20160926-win32/bin/../lib/gcc/arm-none-eabi/5.4.1/../../../../arm-none-eabi/lib/armv6-m\libc_nano.a(lib_a-impure.o)
_init                                             d:/gcc-arm-none-eabi-5_4-2016q3-20160926-win32/bin/../lib/gcc/arm-none-eabi/5.4.1/armv6-m/crti.o
                                                  d:/gcc-arm-none-eabi-5_4-2016q3-20160926-win32/bin/../lib/gcc/arm-none-eabi/5.4.1/../../../../arm-none-eabi/lib/armv6-m\libc_nano.a(lib_a-init.o)
_mainCRTStartup                                   d:/gcc-arm-none-eabi-5_4-2016q3-20160926-win32/bin/../lib/gcc/arm-none-eabi/5.4.1/../../../../arm-none-eabi/lib/armv6-m/crt0.o
_sbss                                             build/startup_stm32f070x6.o
_sdata                                            build/startup_stm32f070x6.o
_sidata                                           build/startup_stm32f070x6.o
_start                                            d:/gcc-arm-none-eabi-5_4-2016q3-20160926-win32/bin/../lib/gcc/arm-none-eabi/5.4.1/../../../../arm-none-eabi/lib/armv6-m/crt0.o
atexit                                            d:/gcc-arm-none-eabi-5_4-2016q3-20160926-win32/bin/../lib/gcc/arm-none-eabi/5.4.1/../../../../arm-none-eabi/lib/armv6-m/crt0.o
exit                                              d:/gcc-arm-none-eabi-5_4-2016q3-20160926-win32/bin/../lib/gcc/arm-none-eabi/5.4.1/../../../../arm-none-eabi/lib/armv6-m\libc_nano.a(lib_a-exit.o)
                                                  d:/gcc-arm-none-eabi-5_4-2016q3-20160926-win32/bin/../lib/gcc/arm-none-eabi/5.4.1/../../../../arm-none-eabi/lib/armv6-m/crt0.o
g_pfnVectors                                      build/startup_stm32f070x6.o
hardware_init_hook                                d:/gcc-arm-none-eabi-5_4-2016q3-20160926-win32/bin/../lib/gcc/arm-none-eabi/5.4.1/../../../../arm-none-eabi/lib/armv6-m/crt0.o
main                                              build/main.o
                                                  build/startup_stm32f070x6.o
                                                  d:/gcc-arm-none-eabi-5_4-2016q3-20160926-win32/bin/../lib/gcc/arm-none-eabi/5.4.1/../../../../arm-none-eabi/lib/armv6-m/crt0.o
memset                                            d:/gcc-arm-none-eabi-5_4-2016q3-20160926-win32/bin/../lib/gcc/arm-none-eabi/5.4.1/../../../../arm-none-eabi/lib/armv6-m\libc_nano.a(lib_a-memset.o)
                                                  d:/gcc-arm-none-eabi-5_4-2016q3-20160926-win32/bin/../lib/gcc/arm-none-eabi/5.4.1/../../../../arm-none-eabi/lib/armv6-m/crt0.o
software_init_hook                                d:/gcc-arm-none-eabi-5_4-2016q3-20160926-win32/bin/../lib/gcc/arm-none-eabi/5.4.1/../../../../arm-none-eabi/lib/armv6-m/crt0.o
vIRQ_Uart_Handle                                  build/uart_hal.o
